// Jest Snapshot v1, https://goo.gl/fbAQLP

exports[`renders app rightfully 1`] = `"<div class=\\"vsr\\"></div><div class=\\"keypad\\"><div class=\\"key-w\\"><button type=\\"button\\" class=\\"key\\">1</button></div><div class=\\"key-w\\"><button type=\\"button\\" class=\\"key\\">2</button></div><div class=\\"key-w\\"><button type=\\"button\\" class=\\"key\\">3</button></div><div class=\\"key-w\\"><button type=\\"button\\" class=\\"key\\">4</button></div><div class=\\"key-w\\"><button type=\\"button\\" class=\\"key\\">5</button></div><div class=\\"key-w\\"><button type=\\"button\\" class=\\"key\\">6</button></div><div class=\\"key-w\\"><button type=\\"button\\" class=\\"key\\">7</button></div><div class=\\"key-w\\"><button type=\\"button\\" class=\\"key\\">8</button></div><div class=\\"key-w\\"><button type=\\"button\\" class=\\"key\\">9</button></div><div class=\\"key-w\\"><button type=\\"button\\" class=\\"key\\">0</button></div></div>"`;
